// Jest Snapshot v1, https://goo.gl/fbAQLP

exports[`<App /> app renders correctly 1`] = `
<div
  className="App"
>
  <div
    className="App gradient"
  >
    <p
      className="spaced"
    />
    <nav>
      <a
        className="navBarButton"
        href="/login"
        onClick={[Function]}
      >
        <button
          className="ant-btn"
          onClick={[Function]}
          type="button"
        >
          <span>
            Log In
          </span>
        </button>
      </a>
      <a
        className="navBarButton"
        href="/signup"
        onClick={[Function]}
      >
        <button
          className="ant-btn"
          onClick={[Function]}
          type="button"
        >
          <span>
            Signup
          </span>
        </button>
      </a>
      
    </nav>
    <div
      className="authForm"
    >
      <h2
        className="spaced"
      >
        Log In
      </h2>
      <form
        className="ant-form ant-form-horizontal"
        onSubmit={[Function]}
      >
        <div
          className="ant-row ant-form-item"
          style={Object {}}
        >
          <div
            className="ant-col ant-form-item-label"
            style={Object {}}
          >
            <label
              className="ant-form-item-required"
              htmlFor="email"
              title="Email"
            >
              Email
            </label>
          </div>
          <div
            className="ant-col ant-form-item-control"
            style={Object {}}
          >
            <div
              className="ant-form-item-control-input"
            >
              <div
                className="ant-form-item-control-input-content"
              >
                <input
                  className="ant-input"
                  id="email"
                  onBlur={[Function]}
                  onChange={[Function]}
                  onFocus={[Function]}
                  onKeyDown={[Function]}
                  type="text"
                  value=""
                />
              </div>
            </div>
          </div>
        </div>
        <div
          className="ant-row ant-form-item"
          style={Object {}}
        >
          <div
            className="ant-col ant-form-item-label"
            style={Object {}}
          >
            <label
              className="ant-form-item-required"
              htmlFor="password"
              title="Password"
            >
              Password
            </label>
          </div>
          <div
            className="ant-col ant-form-item-control"
            style={Object {}}
          >
            <div
              className="ant-form-item-control-input"
            >
              <div
                className="ant-form-item-control-input-content"
              >
                <span
                  className="ant-input-affix-wrapper ant-input-password"
                  onMouseUp={[Function]}
                >
                  <input
                    action="click"
                    className="ant-input"
                    id="password"
                    onBlur={[Function]}
                    onChange={[Function]}
                    onFocus={[Function]}
                    onKeyDown={[Function]}
                    style={null}
                    type="password"
                    value=""
                  />
                  <span
                    className="ant-input-suffix"
                  >
                    <span
                      aria-label="eye-invisible"
                      className="anticon anticon-eye-invisible ant-input-password-icon"
                      onClick={[Function]}
                      onMouseDown={[Function]}
                      onMouseUp={[Function]}
                      role="img"
                      tabIndex={-1}
                    >
                      <svg
                        aria-hidden="true"
                        className=""
                        data-icon="eye-invisible"
                        fill="currentColor"
                        focusable="false"
                        height="1em"
                        viewBox="64 64 896 896"
                        width="1em"
                      >
                        <path
                          d="M942.2 486.2Q889.47 375.11 816.7 305l-50.88 50.88C807.31 395.53 843.45 447.4 874.7 512 791.5 684.2 673.4 766 512 766q-72.67 0-133.87-22.38L323 798.75Q408 838 512 838q288.3 0 430.2-300.3a60.29 60.29 0 000-51.5zm-63.57-320.64L836 122.88a8 8 0 00-11.32 0L715.31 232.2Q624.86 186 512 186q-288.3 0-430.2 300.3a60.3 60.3 0 000 51.5q56.69 119.4 136.5 191.41L112.48 835a8 8 0 000 11.31L155.17 889a8 8 0 0011.31 0l712.15-712.12a8 8 0 000-11.32zM149.3 512C232.6 339.8 350.7 258 512 258c54.54 0 104.13 9.36 149.12 28.39l-70.3 70.3a176 176 0 00-238.13 238.13l-83.42 83.42C223.1 637.49 183.3 582.28 149.3 512zm246.7 0a112.11 112.11 0 01146.2-106.69L401.31 546.2A112 112 0 01396 512z"
                        />
                        <path
                          d="M508 624c-3.46 0-6.87-.16-10.25-.47l-52.82 52.82a176.09 176.09 0 00227.42-227.42l-52.82 52.82c.31 3.38.47 6.79.47 10.25a111.94 111.94 0 01-112 112z"
                        />
                      </svg>
                    </span>
                  </span>
                </span>
              </div>
            </div>
          </div>
        </div>
        <button>
          Log In
        </button>
      </form>
    </div>
  </div>
</div>
`;

exports[`<Explore /> renders correctly 1`] = `
<div
  className="spaced"
>
  <h2
    style={
      Object {
        "marginBottom": 0,
      }
    }
  >
    Explore
  </h2>
  <button
    className="ant-btn ant-btn-text ant-dropdown-trigger"
    onClick={[Function]}
    onMouseDown={[Function]}
    onTouchStart={[Function]}
    type="button"
  >
    <span>
      Sort By 
    </span>
    <span
      aria-label="down"
      className="anticon anticon-down"
      role="img"
    >
      <svg
        aria-hidden="true"
        className=""
        data-icon="down"
        fill="currentColor"
        focusable="false"
        height="1em"
        viewBox="64 64 896 896"
        width="1em"
      >
        <path
          d="M884 256h-75c-5.1 0-9.9 2.5-12.9 6.6L512 654.2 227.9 262.6c-3-4.1-7.8-6.6-12.9-6.6h-75c-6.5 0-10.3 7.4-6.5 12.7l352.6 486.1c12.8 17.6 39 17.6 51.7 0l352.6-486.1c3.9-5.3.1-12.7-6.4-12.7z"
        />
      </svg>
    </span>
  </button>
  <div
    className="feed"
  >
    <div
      className="ant-card ant-card-bordered card"
    >
      <div
        className="ant-card-body"
        style={Object {}}
      >
        <div
          className="ant-image image"
          onClick={[Function]}
          style={
            Object {
              "height": undefined,
              "width": undefined,
            }
          }
        >
          <img
            alt="image"
            className="ant-image-img"
            onError={[Function]}
            onLoad={[Function]}
            src="full_src"
          />
        </div>
        <div
          className="ant-card-meta"
          style={
            Object {
              "marginTop": "16px",
            }
          }
        >
          <div
            className="ant-card-meta-detail"
          >
            <div
              className="ant-card-meta-title"
            >
              text
            </div>
          </div>
        </div>
      </div>
    </div>
  </div>
  <ul
    className="ant-pagination"
    style={
      Object {
        "marginBottom": "12px",
        "marginTop": "12px",
      }
    }
    unselectable="unselectable"
  >
    <li
      aria-disabled={true}
      className="ant-pagination-prev ant-pagination-disabled"
      onClick={[Function]}
      onKeyPress={[Function]}
      tabIndex={null}
      title="Previous Page"
    >
      <button
        className="ant-pagination-item-link"
        disabled={true}
        tabIndex={-1}
        type="button"
      >
        <span
          aria-label="left"
          className="anticon anticon-left"
          role="img"
        >
          <svg
            aria-hidden="true"
            className=""
            data-icon="left"
            fill="currentColor"
            focusable="false"
            height="1em"
            viewBox="64 64 896 896"
            width="1em"
          >
            <path
              d="M724 218.3V141c0-6.7-7.7-10.4-12.9-6.3L260.3 486.8a31.86 31.86 0 000 50.3l450.8 352.1c5.3 4.1 12.9.4 12.9-6.3v-77.3c0-4.9-2.3-9.6-6.1-12.6l-360-281 360-281.1c3.8-3 6.1-7.7 6.1-12.6z"
            />
          </svg>
        </span>
      </button>
    </li>
    <li
      className="ant-pagination-item ant-pagination-item-1 ant-pagination-item-active"
      onClick={[Function]}
      onKeyPress={[Function]}
      tabIndex="0"
      title={1}
    >
      <a
        rel="nofollow"
      >
        1
      </a>
    </li>
    <li
      aria-disabled={true}
      className="ant-pagination-next ant-pagination-disabled"
      onClick={[Function]}
      onKeyPress={[Function]}
      tabIndex={null}
      title="Next Page"
    >
      <button
        className="ant-pagination-item-link"
        disabled={true}
        tabIndex={-1}
        type="button"
      >
        <span
          aria-label="right"
          className="anticon anticon-right"
          role="img"
        >
          <svg
            aria-hidden="true"
            className=""
            data-icon="right"
            fill="currentColor"
            focusable="false"
            height="1em"
            viewBox="64 64 896 896"
            width="1em"
          >
            <path
              d="M765.7 486.8L314.9 134.7A7.97 7.97 0 00302 141v77.3c0 4.9 2.3 9.6 6.1 12.6l360 281.1-360 281.1c-3.9 3-6.1 7.7-6.1 12.6V883c0 6.7 7.7 10.4 12.9 6.3l450.8-352.1a31.96 31.96 0 000-50.4z"
            />
          </svg>
        </span>
      </button>
    </li>
  </ul>
</div>
`;

exports[`<Feed /> feed renders correctly 1`] = `
<div
  className="feed"
>
  <div
    className="ant-card ant-card-bordered card"
  >
    <div
      className="ant-card-body"
      style={Object {}}
    >
      <div
        className="ant-image image"
        onClick={[Function]}
        style={
          Object {
            "height": undefined,
            "width": undefined,
          }
        }
      >
        <img
          alt="image"
          className="ant-image-img"
          onError={[Function]}
          onLoad={[Function]}
          src=""
        />
      </div>
      <div
        className="ant-card-meta"
        style={
          Object {
            "marginTop": "16px",
          }
        }
      >
        <div
          className="ant-card-meta-detail"
        >
          <div
            className="ant-card-meta-title"
          >
            text
          </div>
        </div>
      </div>
    </div>
  </div>
</div>
`;
